<html>
<body>
<pre>
<h1>µVision Build Log</h1>
<h2>Tool Versions:</h2>
IDE-Version: ¦ÌVision V5.30.0.0
Copyright (C) 2020 ARM Ltd and ARM Germany GmbH. All rights reserved.
License Information: z Lenovo Aline744, Aline744, LIC=WHYH9-43W74-VEBHA-16VC7-WBZKH-CPE8E
 
Tool Versions:
Toolchain:       MDK-ARM Plus  Version: 5.30.0.0
Toolchain Path:  C:\Keil\ARM\ARMCC\Bin
C Compiler:      Armcc.exe V5.06 update 6 (build 750)
Assembler:       Armasm.exe V5.06 update 6 (build 750)
Linker/Locator:  ArmLink.exe V5.06 update 6 (build 750)
Library Manager: ArmAr.exe V5.06 update 6 (build 750)
Hex Converter:   FromElf.exe V5.06 update 6 (build 750)
CPU DLL:         SARMCM3.DLL V5.30.0.0
Dialog DLL:      DCM.DLL V1.17.3.0
Target DLL:      STLink\ST-LINKIII-KEIL_SWO.dll V3.0.7.0
Dialog DLL:      TCM.DLL V1.42.0.0
 
<h2>Project:</h2>
D:\pjBASIC\32BASIC\32BASIC\MDK-ARM\32BASIC.uvprojx
Project File Date:  08/09/2024

<h2>Output:</h2>
*** Using Compiler 'V5.06 update 6 (build 750)', folder: 'C:\Keil\ARM\ARMCC\Bin'
Rebuild target '32BASIC'
assembling startup_stm32f103xb.s...
compiling BASIC.c...
..\Core\Src\BASIC.c(276): warning:  #167-D: argument of type "unsigned char *" is incompatible with parameter of type "const char *"
              *index += strlen(varLists->var_name[var_index]) + 1;
..\Core\Src\BASIC.c(352): warning:  #167-D: argument of type "unsigned char *" is incompatible with parameter of type "char *"
          if (str_eq(str, 0, varLists->var_name[var_index]))
..\Core\Src\BASIC.c(406): warning:  #177-D: variable "line_num"  was declared but never referenced
      u32 line_num = 0;
..\Core\Src\BASIC.c(684): warning:  #186-D: pointless comparison of unsigned integer with zero
              if (bracket_num < 0)
..\Core\Src\BASIC.c(656): warning:  #177-D: variable "misc_op2"  was declared but never referenced
      enum MISC misc_op, misc_op2;
..\Core\Src\BASIC.c: 5 warnings, 0 errors
compiling stm32f1xx_it.c...
compiling main.c...
../Core/Src/main.c(206): warning:  #223-D: function "strlen" declared implicitly
              printf("code_len: %d\n", strlen(RxBuf));
../Core/Src/main.c: 1 warning, 0 errors
compiling stm32f1xx_hal_msp.c...
compiling stm32f1xx_hal_tim.c...
compiling gpio.c...
compiling usart.c...
compiling stm32f1xx_hal_gpio_ex.c...
compiling stm32f1xx_hal.c...
compiling stm32f1xx_hal_tim_ex.c...
compiling stm32f1xx_hal_uart.c...
compiling stm32f1xx_hal_rcc_ex.c...
compiling stm32f1xx_hal_rcc.c...
compiling stm32f1xx_hal_gpio.c...
compiling stm32f1xx_hal_dma.c...
compiling stm32f1xx_hal_pwr.c...
compiling system_stm32f1xx.c...
compiling stm32f1xx_hal_exti.c...
compiling stm32f1xx_hal_flash.c...
compiling stm32f1xx_hal_flash_ex.c...
compiling stm32f1xx_hal_cortex.c...
linking...
Program Size: Code=12506 RO-data=294 RW-data=784 ZI-data=10232  
FromELF: creating hex file...
"32BASIC\32BASIC.axf" - 0 Error(s), 6 Warning(s).

<h2>Software Packages used:</h2>

Package Vendor: ARM
                http://www.keil.com/pack/ARM.CMSIS.5.7.0.pack
                ARM.CMSIS.5.7.0
                CMSIS (Cortex Microcontroller Software Interface Standard)
   * Component: CORE Version: 5.4.0

Package Vendor: Keil
                http://www.keil.com/pack/Keil.STM32F1xx_DFP.2.1.0.pack
                Keil.STM32F1xx_DFP.2.1.0
                STMicroelectronics STM32F1 Series Device Support, Drivers and Examples

<h2>Collection of Component include folders:</h2>
  .\RTE\_32BASIC
  C:\Keil\ARM\PACK\ARM\CMSIS\5.7.0\CMSIS\Core\Include
  C:\Keil\ARM\PACK\Keil\STM32F1xx_DFP\2.1.0\Device\Include

<h2>Collection of Component Files used:</h2>

   * Component: ARM::CMSIS:CORE:5.4.0
      Include file:  CMSIS\Core\Include\tz_context.h
Build Time Elapsed:  00:00:14
</pre>
</body>
</html>
